// Jest Snapshot v1, https://goo.gl/fbAQLP

exports[`should take a snapshot 1`] = `
<DocumentFragment>
  <div
    class="search-result"
  >
    <div
      class="container"
    >
      <div
        class="loader__wrapper"
      >
        <h3>
           Cargando ...
        </h3>
      </div>
    </div>
  </div>
</DocumentFragment>
`;
